// Jest Snapshot v1, https://goo.gl/fbAQLP

exports[`company  should take a snapshot 1`] = `
<DocumentFragment>
  <div
    class="layout-company"
    data-testid="company"
  >
    <div
      class="header-main"
      data-testid="headerbar"
    >
      <div
        class="header-main__content"
      >
        <button
          class="logo__btn"
          type="button"
        >
          <img
            alt="Logo"
            class="logo"
            src="../logo-small.png"
          />
        </button>
        <div
          class="search"
        >
          <img
            alt=""
            class="search__icon"
            src="../search.png"
          />
          <input
            class="search__input"
            placeholder="Search from 225,195 companies"
            type="text"
            value=""
          />
          <button
            class="search__show-all"
            type="button"
          >
            Show All
          </button>
        </div>
      </div>
    </div>
    <div
      class="company-content"
      data-testid="company-content"
    >
      <div
        class="header"
      >
        <div
          class="header__content"
        >
          <div
            class="header__no-avatar"
          >
            A
          </div>
          <div
            class="header__info"
          >
            <div
              class="header__info__name"
              data-testid="company-name"
            >
              Aridon
            </div>
            <div
              class="header__info__industry"
            >
              Active
            </div>
          </div>
        </div>
      </div>
      <div
        class="company-info"
      >
        <div
          class="company-info__header-info"
        >
          <div
            class="company-info__header-info__item--first"
          >
            <p
              class="company-info__header-info__item__key"
            >
              IDNO
            </p>
            <p
              class="company-info__header-info__item__value"
            >
              123456789
            </p>
          </div>
          <div
            class="company-info__header-info__item"
          >
            <p
              class="company-info__header-info__item__key"
            >
              Registration year
            </p>
            <p
              class="company-info__header-info__item__value"
            >
              2020
            </p>
          </div>
          <div
            class="company-info__header-info__item--last"
          >
            <p
              class="company-info__header-info__item__key"
            >
              Staff
            </p>
            <p
              class="company-info__header-info__item__value"
            >
              10-20
            </p>
          </div>
        </div>
        <div
          class="company-info__footer-info"
        >
          <div
            class="company-info__footer-info__contact"
          >
            <p
              class="company-info__footer-info__contact__title"
            >
              Contact Information
            </p>
            <div
              class="company-info__footer-info__contact__row"
            >
              <div
                class="company-info__footer-info__contact__row--item"
              >
                <p
                  class="company-info__footer-info__contact__row--item__key"
                >
                  EMAIL:
                </p>
                <div
                  class="company-info__footer-info__contact__row--item__value"
                >
                  <img
                    alt="email"
                    class="company-info__footer-info__contact__row--item__value__icon"
                    src="../email.png"
                  />
                  <div
                    class="company-info__footer-info__contact__row--item__value__results"
                  >
                    <p>
                       Email
                    </p>
                  </div>
                </div>
              </div>
              <div
                class="company-info__footer-info__contact__row--item"
              >
                <p
                  class="company-info__footer-info__contact__row--item__key"
                >
                  PHONE/FAX:
                </p>
                <div
                  class="company-info__footer-info__contact__row--item__value"
                >
                  <img
                    alt="phone"
                    class="company-info__footer-info__contact__row--item__value__icon"
                    src="../phone.png"
                  />
                  <div
                    class="company-info__footer-info__contact__row--item__value__results"
                    data-testid="phone"
                  >
                    <p>
                      Phone
                    </p>
                    <p>
                      Phone
                    </p>
                  </div>
                </div>
                <div
                  class="company-info__footer-info__contact__row--item__value"
                >
                  <img
                    alt="mobile"
                    class="company-info__footer-info__contact__row--item__value__icon"
                    src="../mobile.png"
                  />
                  <div
                    class="company-info__footer-info__contact__row--item__value__results"
                  >
                    <p>
                      Mobile
                    </p>
                  </div>
                </div>
              </div>
            </div>
            <div
              class="company-info__footer-info__contact__column"
            >
              <div
                class="company-info__footer-info__contact__column__key"
              >
                <img
                  alt="mobile"
                  class="company-info__footer-info__contact__row--item__value__icon"
                  src="../www.png"
                />
                Website
              </div>
              <p
                class="company-info__footer-info__contact__column__value"
              />
            </div>
          </div>
          <div
            class="company-info__footer-info__map"
          >
            <div />
            <div>
              Loading...
            </div>
          </div>
        </div>
      </div>
    </div>
  </div>
</DocumentFragment>
`;
